{
  "Defs": [
    {
      "Path": "unicode/index.js/var/a",
      "Name": "a",
      "Kind": "var",
      "File": "unicode/index.js",
      "DefStart": 11,
      "DefEnd": 12,
      "Data": {
        "Type": "number",
        "Keyword": "var",
        "Kind": "var",
        "Separator": " "
      }
    }
  ],
  "Refs": [
    {
      "DefPath": "unicode/index.js/var/a",
      "Def": true,
      "File": "unicode/index.js",
      "Start": 11,
      "End": 12
    }
  ],
  "Docs": [
    {
      "Path": "unicode/index.js/var/a",
      "Format": "",
      "Data": "âœ±"
    }
  ]
}