{
  "Defs": [
    {
      "Path": "lib/my_module.js/obj/exports/prop/myFunc",
      "Name": "myFunc",
      "Kind": "property",
      "File": "lib/my_module.js",
      "DefStart": 8,
      "DefEnd": 14,
      "Data": {
        "Type": "fn() -\u003e number",
        "Keyword": "property",
        "Kind": "property",
        "Separator": " "
      }
    }
  ],
  "Refs": [
    {
      "DefPath": "lib/my_module.js/obj/exports/prop/myFunc",
      "Def": true,
      "File": "lib/my_module.js",
      "Start": 8,
      "End": 14
    }
  ]
}