{
  "Defs": [
    {
      "Path": "srclib-issue-67/index.js/var/a",
      "Name": "a",
      "Kind": "var",
      "File": "srclib-issue-67/index.js",
      "DefStart": 4,
      "DefEnd": 5,
      "Data": {
        "Type": "Module",
        "Keyword": "var",
        "Kind": "var",
        "Separator": " "
      }
    }
  ],
  "Refs": [
    {
      "DefPath": "https://nodejs.org/api/modules.html#modules_module_parent",
      "File": "srclib-issue-67/index.js",
      "Start": 15,
      "End": 21
    },
    {
      "DefPath": "https://nodejs.org/api/modules.html",
      "File": "srclib-issue-67/index.js",
      "Start": 8,
      "End": 14
    },
    {
      "DefPath": "srclib-issue-67/index.js/var/a",
      "Def": true,
      "File": "srclib-issue-67/index.js",
      "Start": 4,
      "End": 5
    }
  ],
  "Docs": [
    {
      "Path": "srclib-issue-67/index.js/var/a",
      "Format": "",
      "Data": "The module that required this one."
    }
  ]
}