{
  "Refs": [
    {
      "DefPath": "ext-dep/index.js/var/lodash_contains",
      "File": "ext-dep/index.js",
      "Start": 76,
      "End": 91
    },
    {
      "DefPath": "https://nodejs.org/api/globals.html#globals_console",
      "File": "ext-dep/index.js",
      "Start": 51,
      "End": 58
    },
    {
      "DefPath": "https://nodejs.org/api/globals.html#globals_require",
      "File": "ext-dep/index.js",
      "Start": 22,
      "End": 29
    },
    {
      "DefPath": "https://nodejs.org/api/stdio.html#stdio_console_log_data",
      "File": "ext-dep/index.js",
      "Start": 59,
      "End": 62
    }
  ]
}